Wrote metrics CSV to artifacts/outputs/demo_metrics.csv
